**********************
Windows PowerShell transcript start
Start time: 20260930190723
Username: PRETHIKA\Prethika
RunAs User: PRETHIKA\Prethika
Configuration Name: 
Machine: PRETHIKA (Microsoft Windows NT 10.0.26200.0)
Host Application: C:\windows\System32\WindowsPowerShell\v1.0\powershell.exe -noexit -command try { . "c:\Users\Prethi\AppData\Local\Programs\Microsoft VS Code\resources\app\out\vs\workbench\contrib\terminal\common\scripts\shellIntegration.ps1" } catch {}
Process ID: 26664
PSVersion: 5.1.26100.9444
PSEdition: Desktop
PSCompatibleVersions: 1.0, 2.0, 3.0, 4.0, 5.0, 5.1.26100.9444
BuildVersion: 10.0.26100.9444
CLRVersion: 4.0.30319.42000
WSManStackVersion: 3.0
PSRemotingProtocolVersion: 2.3
SerializationVersion: 1.1.0.1
**********************
Transcript started, output file is .\git_execution.log
]633;D;0]633;A]633;P;Cwd=C:\x5cUsers\x5cPrethi\x5cOneDrive\x5cDocuments\x5cDevOps_CI_24BCS211PS C:\Users\Prethi\OneDrive\Documents\DevOps_CI_24BCS211> ]633;B
PS>Stop-Transcript
**********************
Windows PowerShell transcript end
End time: 20260930190737
**********************
